Test Name: test_a_1_failed_wait10_2_failed_b_1_success
Result: False
Saga Log:
[*time*][CallA]: Start Executing CallA
[*time*][CallA]: Registering reminder CallA:Retry for CallA with interval 00:00:30
[*time*][CallB]: Start Executing CallB
[*time*][CallB]: Registering reminder CallB:Retry for CallB with interval 00:00:30
[*time*][CallA]: Retry CallA. Retry count: 1
[*time*][CallA]: Start Executing CallA
[*time*][CallA]: Registering reminder CallA:Retry for CallA with interval 00:00:30
[*time*][CallB]: CallB Success
[*time*][CallA]: Retry CallA. Retry count: 2
[*time*][CallA]: Start Executing CallA
[*time*][CallA]: Registering reminder CallA:Retry for CallA with interval 00:00:30
[*time*][CallA]: CallA Failed. Retries exhausted.
[*time*][CallA]: Start Executing Revert CallA
[*time*][CallA]: No undo operation for CallA. Marking as reverted
[*time*][CallB]: Start Executing Revert CallB
[*time*][CallB]: Registering reminder RevertCallB:Retry for Revert CallB with interval 00:00:10
[*time*][CallB]: Revert CallB Success
