Test Name: test_a_1_failed_wait5_2_success_b_1_failed_wait5_2_failed
Result: False
Saga Log:
[*time*][CallA]: Start Executing CallA
[*time*][CallA]: Registering reminder CallA:Retry for CallA with interval 00:00:10
[*time*][CallB]: Start Executing CallB
[*time*][CallB]: Registering reminder CallB:Retry for CallB with interval 00:00:30
The Saga is deactivated.
The Saga is activated.
[*time*][CallA]: Retry CallA. Retry count: 1
[*time*][CallA]: Start Executing CallA
[*time*][CallA]: Registering reminder CallA:Retry for CallA with interval 00:00:10
The Saga is deactivated.
The Saga is activated.
[*time*][CallB]: Retry CallB. Retry count: 1
[*time*][CallB]: Start Executing CallB
[*time*][CallB]: Registering reminder CallB:Retry for CallB with interval 00:00:30
The Saga is deactivated.
The Saga is activated.
[*time*][CallA]: Wake by a reminder
[*time*][CallA]: The state is unknown in the reminder, retry CallA action
[*time*][CallA]: Retry CallA. Retry count: 2
[*time*][CallA]: Start Executing CallA
[*time*][CallA]: Registering reminder CallA:Retry for CallA with interval 00:00:10
The Saga is deactivated.
The Saga is activated.
[*time*][CallA]: CallA Success
The Saga is deactivated.
The Saga is activated.
[*time*][CallB]: Retry CallB. Retry count: 2
[*time*][CallB]: Start Executing CallB
[*time*][CallB]: Registering reminder CallB:Retry for CallB with interval 00:00:30
The Saga is deactivated.
The Saga is activated.
The Saga is deactivated.
The Saga is activated.
[*time*][CallB]: CallB Failed. Retries exhausted.
[*time*][CallA]: Start Executing Revert CallA
[*time*][CallA]: No undo operation for CallA. Marking as reverted
[*time*][CallB]: Start Executing Revert CallB
[*time*][CallB]: No undo operation for CallB. Marking as reverted

Open Telemetry:
[
  {
    "TraceId": "id-1",
    "ParentId": "id-2",
    "Kind": "SERVER",
    "Name": "name-4",
    "LocalEndpoint": {
      "ServiceName": "orchestrationservice.sagaway"
    },
    "Tags": {
      "otel.library.name": "OrchestrationService.Sagaway",
      "otel.scope.name": "OrchestrationService.Sagaway",
      "saga.id": "id-3",
      "saga.type": "SagaTestActorOperations"
    }
  },
  {
    "TraceId": "id-1",
    "ParentId": "id-5",
    "Kind": null,
    "Name": "name-6",
    "LocalEndpoint": {
      "ServiceName": "orchestrationservice.sagaway"
    },
    "Tags": {
      "operation.name": "CallA",
      "otel.library.name": "OrchestrationService.Sagaway",
      "otel.scope.name": "OrchestrationService.Sagaway",
      "saga.id": "id-3"
    }
  },
  {
    "TraceId": "id-1",
    "ParentId": "id-5",
    "Kind": null,
    "Name": "name-7",
    "LocalEndpoint": {
      "ServiceName": "orchestrationservice.sagaway"
    },
    "Tags": {
      "operation.name": "CallB",
      "otel.library.name": "OrchestrationService.Sagaway",
      "otel.scope.name": "OrchestrationService.Sagaway",
      "saga.id": "id-3"
    }
  },
  {
    "TraceId": "id-1",
    "ParentId": "id-8",
    "Kind": "SERVER",
    "Name": "name-4",
    "LocalEndpoint": {
      "ServiceName": "orchestrationservice.sagaway"
    },
    "Tags": {
      "otel.library.name": "OrchestrationService.Sagaway",
      "otel.scope.name": "OrchestrationService.Sagaway",
      "saga.id": "id-3",
      "saga.type": "SagaTestActorOperations"
    }
  },
  {
    "TraceId": "id-1",
    "ParentId": "id-9",
    "Kind": null,
    "Name": "name-6",
    "LocalEndpoint": {
      "ServiceName": "orchestrationservice.sagaway"
    },
    "Tags": {
      "operation.name": "CallA",
      "otel.library.name": "OrchestrationService.Sagaway",
      "otel.scope.name": "OrchestrationService.Sagaway",
      "saga.id": "id-3"
    }
  },
  {
    "TraceId": "id-1",
    "ParentId": "id-10",
    "Kind": "SERVER",
    "Name": "name-4",
    "LocalEndpoint": {
      "ServiceName": "orchestrationservice.sagaway"
    },
    "Tags": {
      "otel.library.name": "OrchestrationService.Sagaway",
      "otel.scope.name": "OrchestrationService.Sagaway",
      "saga.id": "id-3",
      "saga.type": "SagaTestActorOperations"
    }
  },
  {
    "TraceId": "id-1",
    "ParentId": "id-11",
    "Kind": null,
    "Name": "name-7",
    "LocalEndpoint": {
      "ServiceName": "orchestrationservice.sagaway"
    },
    "Tags": {
      "operation.name": "CallB",
      "otel.library.name": "OrchestrationService.Sagaway",
      "otel.scope.name": "OrchestrationService.Sagaway",
      "saga.id": "id-3"
    }
  },
  {
    "TraceId": "id-12",
    "ParentId": "id-13",
    "Kind": "SERVER",
    "Name": "name-4",
    "LocalEndpoint": {
      "ServiceName": "orchestrationservice.sagaway"
    },
    "Tags": {
      "otel.library.name": "OrchestrationService.Sagaway",
      "otel.scope.name": "OrchestrationService.Sagaway",
      "saga.id": "id-3",
      "saga.type": "SagaTestActorOperations"
    }
  },
  {
    "TraceId": "id-1",
    "ParentId": "id-14",
    "Kind": null,
    "Name": "name-15",
    "LocalEndpoint": {
      "ServiceName": "orchestrationservice.sagaway"
    },
    "Tags": {
      "operation.name": "CallA",
      "otel.library.name": "OrchestrationService.Sagaway",
      "otel.scope.name": "OrchestrationService.Sagaway",
      "saga.id": "id-3"
    }
  },
  {
    "TraceId": "id-1",
    "ParentId": "id-16",
    "Kind": "SERVER",
    "Name": "name-4",
    "LocalEndpoint": {
      "ServiceName": "orchestrationservice.sagaway"
    },
    "Tags": {
      "otel.library.name": "OrchestrationService.Sagaway",
      "otel.scope.name": "OrchestrationService.Sagaway",
      "saga.id": "id-3",
      "saga.type": "SagaTestActorOperations"
    }
  },
  {
    "TraceId": "id-1",
    "ParentId": "id-17",
    "Kind": "SERVER",
    "Name": "name-4",
    "LocalEndpoint": {
      "ServiceName": "orchestrationservice.sagaway"
    },
    "Tags": {
      "otel.library.name": "OrchestrationService.Sagaway",
      "otel.scope.name": "OrchestrationService.Sagaway",
      "saga.id": "id-3",
      "saga.type": "SagaTestActorOperations"
    }
  },
  {
    "TraceId": "id-1",
    "ParentId": "id-18",
    "Kind": null,
    "Name": "name-19",
    "LocalEndpoint": {
      "ServiceName": "orchestrationservice.sagaway"
    },
    "Tags": {
      "operation.name": "CallB",
      "otel.library.name": "OrchestrationService.Sagaway",
      "otel.scope.name": "OrchestrationService.Sagaway",
      "saga.id": "id-3"
    }
  },
  {
    "TraceId": "id-12",
    "ParentId": "id-20",
    "Kind": "SERVER",
    "Name": "name-4",
    "LocalEndpoint": {
      "ServiceName": "orchestrationservice.sagaway"
    },
    "Tags": {
      "otel.library.name": "OrchestrationService.Sagaway",
      "otel.scope.name": "OrchestrationService.Sagaway",
      "saga.id": "id-3",
      "saga.type": "SagaTestActorOperations"
    }
  },
  {
    "TraceId": "id-1",
    "ParentId": "id-21",
    "Kind": "SERVER",
    "Name": "name-4",
    "LocalEndpoint": {
      "ServiceName": "orchestrationservice.sagaway"
    },
    "Tags": {
      "otel.library.name": "OrchestrationService.Sagaway",
      "otel.scope.name": "OrchestrationService.Sagaway",
      "saga.id": "id-3",
      "saga.outcome": "Reverted",
      "saga.type": "SagaTestActorOperations"
    }
  }
]