Test Name: test_a_1_failed_no_callback_revert_failed_no_callback
Result: False
Saga Log:
[*time*][CallA]: Start Executing CallA
[*time*][CallA]: Registering reminder CallA:Retry for CallA with interval 00:00:05
The Saga is deactivated.
The Saga is activated.
[*time*][CallA]: Retry CallA. Retry count: 1
[*time*][CallA]: Start Executing CallA
[*time*][CallA]: Registering reminder CallA:Retry for CallA with interval 00:00:05
The Saga is deactivated.
The Saga is activated.
[*time*][CallA]: CallA Failed. Retries exhausted.
[*time*][CallA]: Start Executing Revert CallA
[*time*][CallA]: Registering reminder CallA:Retry for Revert CallA with interval 00:00:05
The Saga is deactivated.
The Saga is activated.
[*time*][CallA]: Retry Revert CallA. Retry count: 1
[*time*][CallA]: Start Executing Revert CallA
[*time*][CallA]: Registering reminder CallA:Retry for Revert CallA with interval 00:00:05
The Saga is deactivated.
The Saga is activated.
[*time*][CallA]: Revert CallA Failed. Retries exhausted.

Open Telemetry:
[
  {
    "TraceId": "id-1",
    "ParentId": "id-2",
    "Kind": "SERVER",
    "Name": "name-4",
    "LocalEndpoint": {
      "ServiceName": "orchestrationservice.sagaway"
    },
    "Tags": {
      "otel.library.name": "OrchestrationService.Sagaway",
      "otel.scope.name": "OrchestrationService.Sagaway",
      "saga.id": "id-3",
      "saga.type": "SagaTestActorOperations"
    }
  },
  {
    "TraceId": "id-1",
    "ParentId": "id-5",
    "Kind": null,
    "Name": "name-6",
    "LocalEndpoint": {
      "ServiceName": "orchestrationservice.sagaway"
    },
    "Tags": {
      "operation.name": "CallA",
      "otel.library.name": "OrchestrationService.Sagaway",
      "otel.scope.name": "OrchestrationService.Sagaway",
      "saga.id": "id-3"
    }
  },
  {
    "TraceId": "id-1",
    "ParentId": "id-7",
    "Kind": "SERVER",
    "Name": "name-4",
    "LocalEndpoint": {
      "ServiceName": "orchestrationservice.sagaway"
    },
    "Tags": {
      "otel.library.name": "OrchestrationService.Sagaway",
      "otel.scope.name": "OrchestrationService.Sagaway",
      "saga.id": "id-3",
      "saga.type": "SagaTestActorOperations"
    }
  },
  {
    "TraceId": "id-1",
    "ParentId": "id-8",
    "Kind": null,
    "Name": "name-9",
    "LocalEndpoint": {
      "ServiceName": "orchestrationservice.sagaway"
    },
    "Tags": {
      "operation.name": "CallA",
      "otel.library.name": "OrchestrationService.Sagaway",
      "otel.scope.name": "OrchestrationService.Sagaway",
      "saga.id": "id-3"
    }
  },
  {
    "TraceId": "id-1",
    "ParentId": "id-10",
    "Kind": "SERVER",
    "Name": "name-4",
    "LocalEndpoint": {
      "ServiceName": "orchestrationservice.sagaway"
    },
    "Tags": {
      "otel.library.name": "OrchestrationService.Sagaway",
      "otel.scope.name": "OrchestrationService.Sagaway",
      "saga.id": "id-3",
      "saga.type": "SagaTestActorOperations"
    }
  },
  {
    "TraceId": "id-1",
    "ParentId": "id-11",
    "Kind": null,
    "Name": "name-12",
    "LocalEndpoint": {
      "ServiceName": "orchestrationservice.sagaway"
    },
    "Tags": {
      "operation.name": "RevertCallA",
      "otel.library.name": "OrchestrationService.Sagaway",
      "otel.scope.name": "OrchestrationService.Sagaway",
      "saga.id": "id-3"
    }
  },
  {
    "TraceId": "id-1",
    "ParentId": "id-13",
    "Kind": "SERVER",
    "Name": "name-4",
    "LocalEndpoint": {
      "ServiceName": "orchestrationservice.sagaway"
    },
    "Tags": {
      "otel.library.name": "OrchestrationService.Sagaway",
      "otel.scope.name": "OrchestrationService.Sagaway",
      "saga.id": "id-3",
      "saga.type": "SagaTestActorOperations"
    }
  },
  {
    "TraceId": "id-1",
    "ParentId": "id-14",
    "Kind": null,
    "Name": "name-15",
    "LocalEndpoint": {
      "ServiceName": "orchestrationservice.sagaway"
    },
    "Tags": {
      "operation.name": "RevertCallA",
      "otel.library.name": "OrchestrationService.Sagaway",
      "otel.scope.name": "OrchestrationService.Sagaway",
      "saga.id": "id-3"
    }
  },
  {
    "TraceId": "id-1",
    "ParentId": "id-16",
    "Kind": "SERVER",
    "Name": "name-4",
    "LocalEndpoint": {
      "ServiceName": "orchestrationservice.sagaway"
    },
    "Tags": {
      "otel.library.name": "OrchestrationService.Sagaway",
      "otel.scope.name": "OrchestrationService.Sagaway",
      "saga.id": "id-3",
      "saga.outcome": "PartiallyReverted",
      "saga.type": "SagaTestActorOperations"
    }
  },
  {
    "TraceId": "id-17",
    "ParentId": "id-18",
    "Kind": "SERVER",
    "Name": "name-4",
    "LocalEndpoint": {
      "ServiceName": "orchestrationservice.sagaway"
    },
    "Tags": {
      "otel.library.name": "OrchestrationService.Sagaway",
      "otel.scope.name": "OrchestrationService.Sagaway",
      "saga.id": "id-3",
      "saga.outcome": "Reverted",
      "saga.type": "SagaTestActorOperations"
    }
  }
]