Test Name: test_a_success_on_3_no_callback_b_success_on_4
Result: True
Saga Log:
[*time*][CallA]: Start Executing CallA
[*time*][CallA]: Registering reminder CallA:Retry for CallA with interval 00:00:08
[*time*][CallB]: Start Executing CallB
[*time*][CallB]: Registering reminder CallB:Retry for CallB with interval 00:00:08
The Saga is deactivated.
The Saga is activated.
[*time*][CallB]: Retry CallB. Retry count: 1
[*time*][CallB]: Start Executing CallB
[*time*][CallB]: Registering reminder CallB:Retry for CallB with interval 00:00:08
The Saga is deactivated.
The Saga is activated.
[*time*][CallB]: Retry CallB. Retry count: 2
[*time*][CallB]: Start Executing CallB
[*time*][CallB]: Registering reminder CallB:Retry for CallB with interval 00:00:08
The Saga is deactivated.
The Saga is activated.
[*time*][CallB]: Retry CallB. Retry count: 3
[*time*][CallB]: Start Executing CallB
[*time*][CallB]: Registering reminder CallB:Retry for CallB with interval 00:00:08
The Saga is deactivated.
The Saga is activated.
[*time*][CallB]: CallB Success
The Saga is deactivated.
The Saga is activated.
[*time*][CallA]: Wake by a reminder
[*time*][CallA]: The validate function does not exist or raised an exception, retry CallA action
[*time*][CallA]: Retry CallA. Retry count: 1
[*time*][CallA]: Start Executing CallA
[*time*][CallA]: Registering reminder CallA:Retry for CallA with interval 00:00:08
The Saga is deactivated.
The Saga is activated.
[*time*][CallA]: Wake by a reminder
[*time*][CallA]: The validate function does not exist or raised an exception, retry CallA action
[*time*][CallA]: Retry CallA. Retry count: 2
[*time*][CallA]: Start Executing CallA
[*time*][CallA]: Registering reminder CallA:Retry for CallA with interval 00:00:08
The Saga is deactivated.
The Saga is activated.
[*time*][CallA]: Wake by a reminder
[*time*][CallA]: CallA Success

Open Telemetry:
[
  {
    "TraceId": "id-1",
    "ParentId": "id-2",
    "Kind": "SERVER",
    "Name": "name-4",
    "LocalEndpoint": {
      "ServiceName": "orchestrationservice.sagaway"
    },
    "Tags": {
      "otel.library.name": "OrchestrationService.Sagaway",
      "otel.scope.name": "OrchestrationService.Sagaway",
      "saga.id": "id-3",
      "saga.type": "SagaTestActorOperations"
    }
  },
  {
    "TraceId": "id-1",
    "ParentId": "id-5",
    "Kind": null,
    "Name": "name-6",
    "LocalEndpoint": {
      "ServiceName": "orchestrationservice.sagaway"
    },
    "Tags": {
      "operation.name": "CallA",
      "otel.library.name": "OrchestrationService.Sagaway",
      "otel.scope.name": "OrchestrationService.Sagaway",
      "saga.id": "id-3"
    }
  },
  {
    "TraceId": "id-1",
    "ParentId": "id-5",
    "Kind": null,
    "Name": "name-7",
    "LocalEndpoint": {
      "ServiceName": "orchestrationservice.sagaway"
    },
    "Tags": {
      "operation.name": "CallB",
      "otel.library.name": "OrchestrationService.Sagaway",
      "otel.scope.name": "OrchestrationService.Sagaway",
      "saga.id": "id-3"
    }
  },
  {
    "TraceId": "id-1",
    "ParentId": "id-8",
    "Kind": "SERVER",
    "Name": "name-4",
    "LocalEndpoint": {
      "ServiceName": "orchestrationservice.sagaway"
    },
    "Tags": {
      "otel.library.name": "OrchestrationService.Sagaway",
      "otel.scope.name": "OrchestrationService.Sagaway",
      "saga.id": "id-3",
      "saga.type": "SagaTestActorOperations"
    }
  },
  {
    "TraceId": "id-1",
    "ParentId": "id-9",
    "Kind": null,
    "Name": "name-7",
    "LocalEndpoint": {
      "ServiceName": "orchestrationservice.sagaway"
    },
    "Tags": {
      "operation.name": "CallB",
      "otel.library.name": "OrchestrationService.Sagaway",
      "otel.scope.name": "OrchestrationService.Sagaway",
      "saga.id": "id-3"
    }
  },
  {
    "TraceId": "id-1",
    "ParentId": "id-10",
    "Kind": "SERVER",
    "Name": "name-4",
    "LocalEndpoint": {
      "ServiceName": "orchestrationservice.sagaway"
    },
    "Tags": {
      "otel.library.name": "OrchestrationService.Sagaway",
      "otel.scope.name": "OrchestrationService.Sagaway",
      "saga.id": "id-3",
      "saga.type": "SagaTestActorOperations"
    }
  },
  {
    "TraceId": "id-1",
    "ParentId": "id-11",
    "Kind": null,
    "Name": "name-12",
    "LocalEndpoint": {
      "ServiceName": "orchestrationservice.sagaway"
    },
    "Tags": {
      "operation.name": "CallB",
      "otel.library.name": "OrchestrationService.Sagaway",
      "otel.scope.name": "OrchestrationService.Sagaway",
      "saga.id": "id-3"
    }
  },
  {
    "TraceId": "id-1",
    "ParentId": "id-13",
    "Kind": "SERVER",
    "Name": "name-4",
    "LocalEndpoint": {
      "ServiceName": "orchestrationservice.sagaway"
    },
    "Tags": {
      "otel.library.name": "OrchestrationService.Sagaway",
      "otel.scope.name": "OrchestrationService.Sagaway",
      "saga.id": "id-3",
      "saga.type": "SagaTestActorOperations"
    }
  },
  {
    "TraceId": "id-1",
    "ParentId": "id-14",
    "Kind": null,
    "Name": "name-12",
    "LocalEndpoint": {
      "ServiceName": "orchestrationservice.sagaway"
    },
    "Tags": {
      "operation.name": "CallB",
      "otel.library.name": "OrchestrationService.Sagaway",
      "otel.scope.name": "OrchestrationService.Sagaway",
      "saga.id": "id-3"
    }
  },
  {
    "TraceId": "id-1",
    "ParentId": "id-15",
    "Kind": "SERVER",
    "Name": "name-4",
    "LocalEndpoint": {
      "ServiceName": "orchestrationservice.sagaway"
    },
    "Tags": {
      "otel.library.name": "OrchestrationService.Sagaway",
      "otel.scope.name": "OrchestrationService.Sagaway",
      "saga.id": "id-3",
      "saga.type": "SagaTestActorOperations"
    }
  },
  {
    "TraceId": "id-16",
    "ParentId": "id-17",
    "Kind": "SERVER",
    "Name": "name-4",
    "LocalEndpoint": {
      "ServiceName": "orchestrationservice.sagaway"
    },
    "Tags": {
      "otel.library.name": "OrchestrationService.Sagaway",
      "otel.scope.name": "OrchestrationService.Sagaway",
      "saga.id": "id-3",
      "saga.type": "SagaTestActorOperations"
    }
  },
  {
    "TraceId": "id-16",
    "ParentId": "id-18",
    "Kind": null,
    "Name": "name-6",
    "LocalEndpoint": {
      "ServiceName": "orchestrationservice.sagaway"
    },
    "Tags": {
      "operation.name": "CallA",
      "otel.library.name": "OrchestrationService.Sagaway",
      "otel.scope.name": "OrchestrationService.Sagaway",
      "saga.id": "id-3"
    }
  },
  {
    "TraceId": "id-19",
    "ParentId": "id-20",
    "Kind": "SERVER",
    "Name": "name-4",
    "LocalEndpoint": {
      "ServiceName": "orchestrationservice.sagaway"
    },
    "Tags": {
      "otel.library.name": "OrchestrationService.Sagaway",
      "otel.scope.name": "OrchestrationService.Sagaway",
      "saga.id": "id-3",
      "saga.type": "SagaTestActorOperations"
    }
  },
  {
    "TraceId": "id-16",
    "ParentId": "id-21",
    "Kind": null,
    "Name": "name-22",
    "LocalEndpoint": {
      "ServiceName": "orchestrationservice.sagaway"
    },
    "Tags": {
      "operation.name": "CallA",
      "otel.library.name": "OrchestrationService.Sagaway",
      "otel.scope.name": "OrchestrationService.Sagaway",
      "saga.id": "id-3"
    }
  },
  {
    "TraceId": "id-23",
    "ParentId": "id-24",
    "Kind": "SERVER",
    "Name": "name-4",
    "LocalEndpoint": {
      "ServiceName": "orchestrationservice.sagaway"
    },
    "Tags": {
      "otel.library.name": "OrchestrationService.Sagaway",
      "otel.scope.name": "OrchestrationService.Sagaway",
      "saga.id": "id-3",
      "saga.outcome": "Succeeded",
      "saga.type": "SagaTestActorOperations"
    }
  }
]