First Run[*time*][CallA]: Start Executing CallA
[*time*][CallA]: Registering reminder CallA:Retry for CallA with interval 00:00:03
[*time*]The Saga is deactivated.
[*time*]The Saga is activated.
[*time*][CallA]: Wake by a reminder
[*time*][CallA]: OnReminderAsync: Validation for CallA returned false, retrying action.
[*time*][CallA]: Retry CallA. Retry count: 1
[*time*][CallA]: Start Executing CallA
[*time*][CallA]: Registering reminder CallA:Retry for CallA with interval 00:00:03
[*time*]The Saga is deactivated.
[*time*]The Saga is activated.
[*time*][CallA]: CallA Failed. Retries exhausted.
[*time*][CallA]: Start Executing Revert CallA
[*time*][CallA]: No undo operation for CallA. Marking as reverted

Second Run
No SignalR message received
Third Run
[*time*][CallA]: Start Executing CallA
[*time*][CallA]: Registering reminder CallA:Retry for CallA with interval 00:00:03
[*time*]The Saga is deactivated.
[*time*]The Saga is activated.
[*time*][CallA]: Retry CallA. Retry count: 1
[*time*][CallA]: Start Executing CallA
[*time*][CallA]: Registering reminder CallA:Retry for CallA with interval 00:00:01
[*time*]The Saga is deactivated.
[*time*]The Saga is activated.
[*time*][CallA]: Wake by a reminder
[*time*][CallA]: OnReminderAsync: Validation for CallA returned false, retrying action.
[*time*][CallA]: Retry CallA. Retry count: 2
[*time*][CallA]: Start Executing CallA
[*time*][CallA]: Registering reminder CallA:Retry for CallA with interval 00:00:01
[*time*][CallA]: Error when calling CallA. Error: Index was outside the bounds of the array.. Retry in 00:00:01 seconds
[*time*]The Saga is deactivated.
[*time*]The Saga is activated.
[*time*][CallA]: Retry CallA. Retry count: 3
[*time*][CallA]: Start Executing CallA
[*time*][CallA]: Registering reminder CallA:Retry for CallA with interval 00:00:01
[*time*][CallA]: Error when calling CallA. Error: Index was outside the bounds of the array.. Retry in 00:00:01 seconds
[*time*]The Saga is deactivated.
[*time*]The Saga is activated.
[*time*][CallA]: Wake by a reminder
[*time*][CallA]: OnReminderAsync: Validation for CallA returned false, retrying action.
[*time*][CallA]: CallA Failed. Retries exhausted.
[*time*][CallA]: Start Executing Revert CallA
[*time*][CallA]: Registering reminder CallA:Retry for Revert CallA with interval 00:00:01
[*time*]The Saga is deactivated.
[*time*]The Saga is activated.
[*time*][CallA]: Wake by a reminder
[*time*][CallA]: OnReminderAsync: Revert CallA passed validation successfully.
[*time*][CallA]: Revert CallA Success

