Test Name: test_2_errors_revert
Result: False
Saga Log:
[*time*][CallA]: Start Executing 
[*time*][CallA]: Registering reminder CallA:Retry for CallA with interval 00:00:30
[*time*][CallA]: Retry operation. Retry count: 1
[*time*][CallA]: Start Executing 
[*time*][CallA]: Registering reminder CallA:Retry for CallA with interval 00:00:30
[*time*][CallA]: Retry operation. Retry count: 2
[*time*][CallA]: Start Executing 
[*time*][CallA]: Registering reminder CallA:Retry for CallA with interval 00:00:30
[*time*][CallA]: Failed. Retries exhausted.
[*time*][CallA]: Start Executing Revert 
[*time*][CallA]: Registering reminder CallA:Retry for Revert CallA with interval 00:00:30
[*time*][CallA]: Revert Success
