Test Name: test_1_errors_revert
Result: False
Saga Log:
[*time*][CallA]: Start Executing CallA
[*time*][CallA]: Registering reminder CallA:Retry for CallA with interval 00:00:10
[*time*][CallA]: Retry CallA. Retry count: 1
[*time*][CallA]: Start Executing CallA
[*time*][CallA]: Registering reminder CallA:Retry for CallA with interval 00:00:10
[*time*][CallA]: CallA Failed. Retries exhausted.
[*time*][CallA]: Start Executing Revert CallA
[*time*][CallA]: Registering reminder CallA:Retry for Revert CallA with interval 00:00:10
[*time*][CallA]: Revert CallA Success
