TestValidationOperationNoDoOperation
[Saga_test] All operation must set the Do function