TestValidationNoOnRevertedCallback
[Saga_test] No on reverted or on failed callback is defined