TestValidationNoOperation
At least one operation must be provided