Preparing test test_two_first_deactivate_saga
OperationNumber: Op1
Dependencies: 0
MaxRetries: 2
NumberOfFailures: 0
CallDelay: 1 - 4
RetryDelay: 1
RevertMaxRetries: 0
RevertNumberOfFailures: 0
RevertCallDelay: empty
RevertRetryDelay: 0
ValidateFunctionResult: 1 - True
RevertValidateFunctionResults: empty
CallCounter: 0
RevertCallCounter: 0
ValidateCallCounter: 0
RevertValidateCallCounter: 0
Deactivate: 1
ThrowException: empty
ValidateThrowException: empty
RevertThrowException: empty
RevertValidateThrowException: empty
HasReportFail: False
HasRevert: False
HasValidate: True
HasRevertValidate: False

OperationNumber: Op2
Dependencies: 0
MaxRetries: 0
NumberOfFailures: 0
CallDelay: 1 - 6
RetryDelay: 0
RevertMaxRetries: 0
RevertNumberOfFailures: 0
RevertCallDelay: empty
RevertRetryDelay: 0
ValidateFunctionResults: empty
RevertValidateFunctionResults: empty
CallCounter: 0
RevertCallCounter: 0
ValidateCallCounter: 0
RevertValidateCallCounter: 0
Deactivate: empty
ThrowException: empty
ValidateThrowException: empty
RevertThrowException: empty
RevertValidateThrowException: empty
HasReportFail: False
HasRevert: False
HasValidate: False
HasRevertValidate: False

Op1 Validate returns True
Calling Op1: Success True
Calling Op2: Success True
OnSuccessCompletionCallback: Success.
Run Log:
[*time*][Op1]: Start Executing Op1
[*time*][Op1]: Registering reminder Op1:Retry for Op1 with interval 00:00:01
The Saga is deactivated.
The Saga is activated.
[*time*][Op1]: Wake by a reminder
[*time*][Op1]: Op1 Success
[*time*][Op2]: Start Executing Op2
[*time*][Op2]: Op2 Success


OnSagaCompleted: Id: test Status: Succeeded

*** Telemetry ***
1: StartSaga - SagaID: test, Type: SagaOperations
2: StartOperation - SagaID: test, Operation: Op1
3: ActivateLongOperation - SagaID: test
4: DeactivateLongOperation - SagaID: test
5: EndOperation - SagaID: test, Operation: Op1, Outcome: Succeeded
6: StartOperation - SagaID: test, Operation: Op2
7: EndOperation - SagaID: test, Operation: Op2, Outcome: Succeeded
8: EndSaga - SagaID: test, Outcome: Succeeded
