TestValidationNoOnFailedRevertedCallback
[Saga_test] No on revert failure or on failed callback is defined