Preparing test test_single_fail_fast_and_retry
OperationNumber: Op1
Dependencies: 0
MaxRetries: 2
NumberOfFailures: 0
CallDelays: empty
RetryDelay: 10
RevertMaxRetries: 0
RevertNumberOfFailures: 0
RevertCallDelay: empty
RevertRetryDelay: 0
ValidateFunctionResults: empty
RevertValidateFunctionResults: empty
CallCounter: 0
RevertCallCounter: 0
ValidateCallCounter: 0
RevertValidateCallCounter: 0
Deactivate: empty
ThrowException: empty
ValidateThrowException: empty
RevertThrowException: empty
RevertValidateThrowException: empty
HasReportFail: False
HasRevert: False
HasValidate: False
HasRevertValidate: False
Set to fail fast

Calling Op1: Success True
OnRevertedCallbackAsync: Reverted.
Run Log:
[*time*][Op1]: Start Executing Op1
[*time*][Op1]: Registering reminder Op1:Retry for Op1 with interval 00:00:10
[*time*][Op1]: Op1 Failed Fast.
[*time*][Op1]: Start Executing Revert Op1
[*time*][Op1]: No undo operation for Op1. Marking as reverted


OnSagaCompleted: Id: test Status: Reverted

*** Telemetry ***
1: StartSaga - SagaID: test, Type: SagaOperations
2: StartOperation - SagaID: test, Operation: Op1
3: EndOperation - SagaID: test, Operation: Op1, Outcome: Failed
4: CustomEvent - SagaID: test, Event: SagaFailure, Properties: None
5: EndSaga - SagaID: test, Outcome: Reverted
