Preparing test test_two_success_after_5_retries
OperationNumber: Op1
Dependencies: 0
MaxRetries: 5
NumberOfFailures: 4
CallDelays: empty
RetryDelay: 1
RevertMaxRetries: 0
RevertNumberOfFailures: 0
RevertCallDelay: empty
RevertRetryDelay: 0
ValidateFunctionResults: empty
RevertValidateFunctionResults: empty
CallCounter: 0
RevertCallCounter: 0
ValidateCallCounter: 0
RevertValidateCallCounter: 0
Deactivate: empty
ThrowException: empty
ValidateThrowException: empty
RevertThrowException: empty
RevertValidateThrowException: empty
HasReportFail: False
HasRevert: False
HasValidate: False
HasRevertValidate: False

OperationNumber: Op2
Dependencies: 0
MaxRetries: 5
NumberOfFailures: 4
CallDelays: empty
RetryDelay: 1
RevertMaxRetries: 0
RevertNumberOfFailures: 0
RevertCallDelay: empty
RevertRetryDelay: 0
ValidateFunctionResults: empty
RevertValidateFunctionResults: empty
CallCounter: 0
RevertCallCounter: 0
ValidateCallCounter: 0
RevertValidateCallCounter: 0
Deactivate: empty
ThrowException: empty
ValidateThrowException: empty
RevertThrowException: empty
RevertValidateThrowException: empty
HasReportFail: False
HasRevert: False
HasValidate: False
HasRevertValidate: False

Calling Op1: Success False
Calling Op1: Success False
Calling Op1: Success False
Calling Op1: Success False
Calling Op1: Success True
Calling Op2: Success False
Calling Op2: Success False
Calling Op2: Success False
Calling Op2: Success False
Calling Op2: Success True
OnSuccessCompletionCallbackAsync: Success.
Run Log:
[*time*][Op1]: Start Executing Op1
[*time*][Op1]: Registering reminder Op1:Retry for Op1 with interval 00:00:01
[*time*][Op1]: Retry Op1. Retry count: 1
[*time*][Op1]: Start Executing Op1
[*time*][Op1]: Registering reminder Op1:Retry for Op1 with interval 00:00:01
[*time*][Op1]: Retry Op1. Retry count: 2
[*time*][Op1]: Start Executing Op1
[*time*][Op1]: Registering reminder Op1:Retry for Op1 with interval 00:00:01
[*time*][Op1]: Retry Op1. Retry count: 3
[*time*][Op1]: Start Executing Op1
[*time*][Op1]: Registering reminder Op1:Retry for Op1 with interval 00:00:01
[*time*][Op1]: Retry Op1. Retry count: 4
[*time*][Op1]: Start Executing Op1
[*time*][Op1]: Registering reminder Op1:Retry for Op1 with interval 00:00:01
[*time*][Op1]: Op1 Success
[*time*][Op2]: Start Executing Op2
[*time*][Op2]: Registering reminder Op2:Retry for Op2 with interval 00:00:01
[*time*][Op2]: Retry Op2. Retry count: 1
[*time*][Op2]: Start Executing Op2
[*time*][Op2]: Registering reminder Op2:Retry for Op2 with interval 00:00:01
[*time*][Op2]: Retry Op2. Retry count: 2
[*time*][Op2]: Start Executing Op2
[*time*][Op2]: Registering reminder Op2:Retry for Op2 with interval 00:00:01
[*time*][Op2]: Retry Op2. Retry count: 3
[*time*][Op2]: Start Executing Op2
[*time*][Op2]: Registering reminder Op2:Retry for Op2 with interval 00:00:01
[*time*][Op2]: Retry Op2. Retry count: 4
[*time*][Op2]: Start Executing Op2
[*time*][Op2]: Registering reminder Op2:Retry for Op2 with interval 00:00:01
[*time*][Op2]: Op2 Success


OnSagaCompleted: Id: test Status: Succeeded

*** Telemetry ***
1: StartSaga - SagaID: test, Type: SagaOperations
2: StartOperation - SagaID: test, Operation: Op1
3: RetryAttempt - SagaID: test, Operation: Op1, Attempt: 1
4: StartOperation - SagaID: test, Operation: Op1
5: RetryAttempt - SagaID: test, Operation: Op1, Attempt: 2
6: StartOperation - SagaID: test, Operation: Op1
7: RetryAttempt - SagaID: test, Operation: Op1, Attempt: 3
8: StartOperation - SagaID: test, Operation: Op1
9: RetryAttempt - SagaID: test, Operation: Op1, Attempt: 4
10: StartOperation - SagaID: test, Operation: Op1
11: EndOperation - SagaID: test, Operation: Op1, Outcome: Succeeded
12: StartOperation - SagaID: test, Operation: Op2
13: RetryAttempt - SagaID: test, Operation: Op2, Attempt: 1
14: StartOperation - SagaID: test, Operation: Op2
15: RetryAttempt - SagaID: test, Operation: Op2, Attempt: 2
16: StartOperation - SagaID: test, Operation: Op2
17: RetryAttempt - SagaID: test, Operation: Op2, Attempt: 3
18: StartOperation - SagaID: test, Operation: Op2
19: RetryAttempt - SagaID: test, Operation: Op2, Attempt: 4
20: StartOperation - SagaID: test, Operation: Op2
21: EndOperation - SagaID: test, Operation: Op2, Outcome: Succeeded
22: EndSaga - SagaID: test, Outcome: Succeeded
