test_validate_no_retry_interval
Retry interval must be greater than 0 or a retry delay function is provided for all operations that provide a validate function