Preparing test test_two_first_success_second_fail_no_retry
OperationNumber: Op1
Dependencies: 0
MaxRetries: 0
NumberOfFailures: 0
CallDelays: empty
RetryDelay: 0
RevertMaxRetries: 0
RevertNumberOfFailures: 0
RevertCallDelay: empty
RevertRetryDelay: 0
ValidateFunctionResults: empty
RevertValidateFunctionResults: empty
CallCounter: 0
RevertCallCounter: 0
ValidateCallCounter: 0
RevertValidateCallCounter: 0
Deactivate: empty
ThrowException: empty
ValidateThrowException: empty
RevertThrowException: empty
RevertValidateThrowException: empty
HasReportFail: False
HasRevert: False
HasValidate: False
HasRevertValidate: False

OperationNumber: Op2
Dependencies: 0
MaxRetries: 0
NumberOfFailures: 1
CallDelays: empty
RetryDelay: 0
RevertMaxRetries: 0
RevertNumberOfFailures: 0
RevertCallDelay: empty
RevertRetryDelay: 0
ValidateFunctionResults: empty
RevertValidateFunctionResults: empty
CallCounter: 0
RevertCallCounter: 0
ValidateCallCounter: 0
RevertValidateCallCounter: 0
Deactivate: empty
ThrowException: empty
ValidateThrowException: empty
RevertThrowException: empty
RevertValidateThrowException: empty
HasReportFail: False
HasRevert: False
HasValidate: False
HasRevertValidate: False

Calling Op1: Success True
Calling Op2: Success False
OnRevertedCallback: Reverted.
Run Log:
[*time*][Op1]: Start Executing Op1
[*time*][Op1]: Op1 Success
[*time*][Op2]: Start Executing Op2
[*time*][Op2]: Op2 Failed. Retries exhausted.
[*time*][Op1]: Start Executing Revert Op1
[*time*][Op1]: No undo operation for Op1. Marking as reverted
[*time*][Op2]: Start Executing Revert Op2
[*time*][Op2]: No undo operation for Op2. Marking as reverted


OnSagaCompleted: Id: test Status: Reverted

*** Telemetry ***
1: StartSaga - SagaID: test, Type: SagaOperations
2: StartOperation - SagaID: test, Operation: Op1
3: EndOperation - SagaID: test, Operation: Op1, Outcome: Succeeded
4: StartOperation - SagaID: test, Operation: Op2
5: EndOperation - SagaID: test, Operation: Op2, Outcome: Failed
6: EndSaga - SagaID: test, Outcome: Reverted
