Preparing test test_two_long_wait_validate_false_with_revert_exception
OperationNumber: Op1
Dependencies: 0
MaxRetries: 0
NumberOfFailures: 0
CallDelays: empty
RetryDelay: 0
RevertMaxRetries: 0
RevertNumberOfFailures: 0
RevertCallDelay: empty
RevertRetryDelay: 0
ValidateFunctionResults: empty
RevertValidateFunctionResults: empty
CallCounter: 0
RevertCallCounter: 0
ValidateCallCounter: 0
RevertValidateCallCounter: 0
Deactivate: empty
ThrowException: empty
ValidateThrowException: empty
RevertThrowException: empty
RevertValidateThrowException: empty
HasReportFail: False
HasRevert: False
HasValidate: False
HasRevertValidate: False

OperationNumber: Op2
Dependencies: 0
MaxRetries: 1
NumberOfFailures: 2
CallDelay: 1 - 5
CallDelay: 2 - 5
RetryDelay: 2
RevertMaxRetries: 2
RevertNumberOfFailures: 3
RevertCallDelay: empty
RevertRetryDelay: 2
ValidateFunctionResult: 1 - False
ValidateFunctionResult: 2 - False
RevertValidateFunctionResults: empty
CallCounter: 0
RevertCallCounter: 0
ValidateCallCounter: 0
RevertValidateCallCounter: 0
Deactivate: empty
ThrowException: empty
ValidateThrowException: empty
RevertThrowException: empty
RevertValidateThrowException: 1
RevertValidateThrowException: 2
HasReportFail: False
HasRevert: True
HasValidate: True
HasRevertValidate: False

Calling Op1: Success True
Op2 Validate returns False
Op2 Validate returns False
Calling revert for Op2: Success False
Calling revert for Op2: Success False
Calling revert for Op2: Success False
OnFailedRevertedCallback: FailedReverted.
Run Log:
[*time*][Op1]: Start Executing 
[*time*][Op1]: Success
[*time*][Op2]: Start Executing 
[*time*][Op2]: Registering reminder Op2:Retry for Op2 with interval 00:00:02
[*time*][Op2]: Wake by a reminder
[*time*][Op2]: The state is unknown in the reminder, retry action
[*time*][Op2]: Retry operation. Retry count: 1
[*time*][Op2]: Start Executing 
[*time*][Op2]: Registering reminder Op2:Retry for Op2 with interval 00:00:02
[*time*][Op2]: Wake by a reminder
[*time*][Op2]: The state is unknown in the reminder, retry action
[*time*][Op2]: Failed. Retries exhausted.
[*time*][Op1]: Start Executing Revert 
[*time*][Op1]: No undo operation for Op1. Marking as reverted
[*time*][Op2]: Start Executing Revert 
[*time*][Op2]: Registering reminder Op2:Retry for Revert Op2 with interval 00:00:02
[*time*][Op2]: Retry Revert operation. Retry count: 1
[*time*][Op2]: Start Executing Revert 
[*time*][Op2]: Registering reminder Op2:Retry for Revert Op2 with interval 00:00:02
[*time*][Op2]: Retry Revert operation. Retry count: 2
[*time*][Op2]: Start Executing Revert 
[*time*][Op2]: Registering reminder Op2:Retry for Revert Op2 with interval 00:00:02
[*time*][Op2]: Revert Failed. Retries exhausted.


OnSagaCompleted: Id: test Status: RevertFailed
Calling Op2: Success False
