TestValidationNoOnSuccessCompletionCallback
No on success callback is defined