Preparing test test_single_long_wait_validate_false_with_revert_exception
OperationNumber: Op1
Dependencies: 0
MaxRetries: 1
NumberOfFailures: 2
CallDelay: 1 - 5
CallDelay: 2 - 5
RetryDelay: 2
RevertMaxRetries: 2
RevertNumberOfFailures: 2
RevertCallDelay: empty
RevertRetryDelay: 2
ValidateFunctionResult: 1 - False
ValidateFunctionResult: 2 - False
RevertValidateFunctionResults: empty
CallCounter: 0
RevertCallCounter: 0
ValidateCallCounter: 0
RevertValidateCallCounter: 0
Deactivate: empty
ThrowException: empty
ValidateThrowException: empty
RevertThrowException: empty
RevertValidateThrowException: 1
RevertValidateThrowException: 2
HasReportFail: False
HasRevert: True
HasValidate: True
HasRevertValidate: False

Op1 Validate returns False
Op1 Validate returns False
Calling revert for Op1: Success False
Calling revert for Op1: Success False
Calling revert for Op1: Success True
OnRevertedCallback: Reverted.
Run Log:
[*time*][Op1]: Start Executing 
[*time*][Op1]: Registering reminder Op1:Retry for Op1 with interval 00:00:02
[*time*][Op1]: Wake by a reminder
[*time*][Op1]: The state is unknown in the reminder, retry action
[*time*][Op1]: Retry operation. Retry count: 1
[*time*][Op1]: Start Executing 
[*time*][Op1]: Registering reminder Op1:Retry for Op1 with interval 00:00:02
[*time*][Op1]: Wake by a reminder
[*time*][Op1]: The state is unknown in the reminder, retry action
[*time*][Op1]: Failed. Retries exhausted.
[*time*][Op1]: Start Executing Revert 
[*time*][Op1]: Registering reminder Op1:Retry for Revert Op1 with interval 00:00:02
[*time*][Op1]: Retry Revert operation. Retry count: 1
[*time*][Op1]: Start Executing Revert 
[*time*][Op1]: Registering reminder Op1:Retry for Revert Op1 with interval 00:00:02
[*time*][Op1]: Retry Revert operation. Retry count: 2
[*time*][Op1]: Start Executing Revert 
[*time*][Op1]: Registering reminder Op1:Retry for Revert Op1 with interval 00:00:02
[*time*][Op1]: Revert Success


OnSagaCompleted: Id: test Status: Reverted
Calling Op1: Success False
