TestValidationNoOperation
[Saga_test] At least one operation must be provided